[digitalplant-my.com/en/index7d79.html]
[digitalplant-my.com/en/index.html]
[digitalplant-my.com/wp-content/plugins/contact-form-7/images/ajax-loader.gif]
[backblue.gif]
[fade.gif]
[index.html]
[digitalplant-my.com/wp-content/uploads/2020/04/cropped-favicon-32x32.png]
[digitalplant-my.com/wp-content/uploads/2020/04/cropped-favicon-192x192.png]
[digitalplant-my.com/wp-content/uploads/2020/04/cropped-favicon-180x180.png]
[digitalplant-my.com/media/desktop/uploads/2020/05/Desktop_Photo.jpg]
[digitalplant-my.com/en/expert/digital-campaigns/index.html]
[digitalplant-my.com/en/expert/content-and-design/index.html]
[digitalplant-my.com/en/expert/data-management/index.html]
[digitalplant-my.com/media/mobile-md/uploads/2020/05/Desktop_Photo.jpg]
[digitalplant-my.com/en/projects/index.html]
[digitalplant-my.com/en/contact/index.html]
[digitalplant-my.com/en/who-we-are/index.html]
[digitalplant-my.com/en/careers/index.html]
[digitalplant-my.com/en/blog/index.html]
[digitalplant-my.com/media/mobile-sm/uploads/2020/05/Desktop_Photo.jpg]
[digitalplant-my.com/media/mobile/uploads/2020/05/Desktop_Photo.jpg]
[digitalplant-my.com/media/desktop/uploads/2020/06/dp-team-circle.jpg]
[digitalplant-my.com/media/mobile-md/uploads/2020/06/dp-team-circle.jpg]
[digitalplant-my.com/media/mobile-sm/uploads/2020/06/dp-team-circle.jpg]
[digitalplant-my.com/media/mobile/uploads/2020/06/dp-team-circle.jpg]
[digitalplant-my.com/wp-content/plugins/autoptimize/classes/external/js/lazysizes.min.js]
[digitalplant-my.com/en/legal-mentions/index.html]
[digitalplant-my.com/wp-content/cache/autoptimize/js/autoptimize_9115fe0022ac58e64478ba68e7cdf759.js]
[digitalplant-my.com/en/index7d79.html]
[digitalplant-my.com/en/index.html]
[www.googletagmanager.com/gtm5445.html]
[digitalplant-my.com/media/desktop/uploads/2020/04/video.png]
[digitalplant-my.com/media/mobile-md/uploads/2020/04/video.png]
[digitalplant-my.com/media/mobile-sm/uploads/2020/04/video.png]
[digitalplant-my.com/media/mobile/uploads/2020/04/video.png]
[digitalplant-my.com/media/desktop/uploads/2020/04/file.png]
[digitalplant-my.com/media/mobile-md/uploads/2020/04/file.png]
[digitalplant-my.com/media/mobile-sm/uploads/2020/04/file.png]
[digitalplant-my.com/media/mobile/uploads/2020/04/file.png]
[digitalplant-my.com/media/desktop/uploads/2020/04/copy.png]
[digitalplant-my.com/media/mobile-md/uploads/2020/04/copy.png]
[digitalplant-my.com/media/mobile-sm/uploads/2020/04/copy.png]
[digitalplant-my.com/media/mobile/uploads/2020/04/copy.png]
[digitalplant-my.com/media/desktop/uploads/2020/04/opti.png]
[digitalplant-my.com/media/mobile-md/uploads/2020/04/opti.png]
[digitalplant-my.com/media/mobile-sm/uploads/2020/04/opti.png]
[digitalplant-my.com/media/mobile/uploads/2020/04/opti.png]
[digitalplant-my.com/media/desktop/uploads/2020/04/share.png]
[digitalplant-my.com/media/mobile-md/uploads/2020/04/share.png]
[digitalplant-my.com/media/mobile-sm/uploads/2020/04/share.png]
[digitalplant-my.com/media/mobile/uploads/2020/04/share.png]
[digitalplant-my.com/media/desktop/uploads/2020/01/marketing-practice-article-1024x576-1.jpg]
[digitalplant-my.com/en/blog/the-new-marketing-practices/index.html]
[digitalplant-my.com/media/mobile-md/uploads/2020/01/marketing-practice-article-1024x576-1.jpg]
[digitalplant-my.com/media/mobile-sm/uploads/2020/01/marketing-practice-article-1024x576-1.jpg]
[digitalplant-my.com/media/mobile/uploads/2020/01/marketing-practice-article-1024x576-1.jpg]
[digitalplant-my.com/en/expert/content-and-design/index.html]
[digitalplant-my.com/media/desktop/uploads/2020/04/data.png]
[digitalplant-my.com/media/mobile-md/uploads/2020/04/data.png]
[digitalplant-my.com/media/mobile-sm/uploads/2020/04/data.png]
[digitalplant-my.com/media/mobile/uploads/2020/04/data.png]
[digitalplant-my.com/media/desktop/uploads/2020/04/diamon.png]
[digitalplant-my.com/media/mobile-md/uploads/2020/04/diamon.png]
[digitalplant-my.com/media/mobile-sm/uploads/2020/04/diamon.png]
[digitalplant-my.com/media/mobile/uploads/2020/04/diamon.png]
[digitalplant-my.com/media/desktop/uploads/2020/04/optimize.png]
[digitalplant-my.com/media/mobile-md/uploads/2020/04/optimize.png]
[digitalplant-my.com/media/mobile-sm/uploads/2020/04/optimize.png]
[digitalplant-my.com/media/mobile/uploads/2020/04/optimize.png]
[digitalplant-my.com/media/desktop/uploads/2020/04/book.png]
[digitalplant-my.com/media/mobile-md/uploads/2020/04/book.png]
[digitalplant-my.com/media/mobile-sm/uploads/2020/04/book.png]
[digitalplant-my.com/media/mobile/uploads/2020/04/book.png]
[digitalplant-my.com/media/desktop/uploads/2020/05/dp-data-management-visual-updated.jpg]
[digitalplant-my.com/en/blog/how-data-management-can-support-your-business/index.html]
[digitalplant-my.com/media/mobile-md/uploads/2020/05/dp-data-management-visual-updated.jpg]
[digitalplant-my.com/media/mobile-sm/uploads/2020/05/dp-data-management-visual-updated.jpg]
[digitalplant-my.com/media/mobile/uploads/2020/05/dp-data-management-visual-updated.jpg]
[digitalplant-my.com/media/desktop/uploads/2020/05/email-marketing-1.jpg]
[digitalplant-my.com/en/blog/small-is-big-when-size-does-not-matter/index.html]
[digitalplant-my.com/media/mobile-md/uploads/2020/05/email-marketing-1.jpg]
[digitalplant-my.com/media/mobile-sm/uploads/2020/05/email-marketing-1.jpg]
[digitalplant-my.com/media/mobile/uploads/2020/05/email-marketing-1.jpg]
[digitalplant-my.com/en/expert/data-management/index.html]
[digitalplant-my.com/media/desktop/uploads/2020/04/social-media-article.jpg]
[digitalplant-my.com/en/blog/how-to-optimize-your-social-media-engagement/index.html]
[digitalplant-my.com/media/mobile-md/uploads/2020/04/social-media-article.jpg]
[digitalplant-my.com/media/mobile-sm/uploads/2020/04/social-media-article.jpg]
[digitalplant-my.com/media/mobile/uploads/2020/04/social-media-article.jpg]
[digitalplant-my.com/media/desktop/uploads/2020/05/email-marketing.jpg]
[digitalplant-my.com/en/blog/email-marketing-why-should-it-be-the-pillar-of-your-digital-strategy/index.html]
[digitalplant-my.com/media/mobile-md/uploads/2020/05/email-marketing.jpg]
[digitalplant-my.com/media/mobile-sm/uploads/2020/05/email-marketing.jpg]
[digitalplant-my.com/media/mobile/uploads/2020/05/email-marketing.jpg]
[digitalplant-my.com/media/desktop/uploads/2020/05/marketing-automation-article-1024x576-1.jpg]
[digitalplant-my.com/en/blog/marketing-automation-a-silent-revolution/index.html]
[digitalplant-my.com/media/mobile-md/uploads/2020/05/marketing-automation-article-1024x576-1.jpg]
[digitalplant-my.com/media/mobile-sm/uploads/2020/05/marketing-automation-article-1024x576-1.jpg]
[digitalplant-my.com/media/mobile/uploads/2020/05/marketing-automation-article-1024x576-1.jpg]
[digitalplant-my.com/en/expert/digital-campaigns/index.html]
[digitalplant-my.com/media/desktop/uploads/2020/04/Illustration_01.jpg]
[digitalplant-my.com/en/project/emailing-campaigns/index.html]
[digitalplant-my.com/media/mobile-md/uploads/2020/04/Illustration_01.jpg]
[digitalplant-my.com/media/mobile-sm/uploads/2020/04/Illustration_01.jpg]
[digitalplant-my.com/media/mobile/uploads/2020/04/Illustration_01.jpg]
[digitalplant-my.com/media/desktop/uploads/2020/05/illustration_4.jpg]
[digitalplant-my.com/en/project/google-adwords-campaigns/index.html]
[digitalplant-my.com/media/mobile-md/uploads/2020/05/illustration_4.jpg]
[digitalplant-my.com/media/mobile-sm/uploads/2020/05/illustration_4.jpg]
[digitalplant-my.com/media/mobile/uploads/2020/05/illustration_4.jpg]
[digitalplant-my.com/media/desktop/uploads/2020/04/illustration3.jpg]
[digitalplant-my.com/en/project/project-management/index.html]
[digitalplant-my.com/media/mobile-md/uploads/2020/04/illustration3.jpg]
[digitalplant-my.com/media/mobile-sm/uploads/2020/04/illustration3.jpg]
[digitalplant-my.com/media/mobile/uploads/2020/04/illustration3.jpg]
[digitalplant-my.com/media/desktop/uploads/2020/04/Sans-titre-2.jpg]
[digitalplant-my.com/en/project/web-publishing/index.html]
[digitalplant-my.com/media/mobile-md/uploads/2020/04/Sans-titre-2.jpg]
[digitalplant-my.com/media/mobile-sm/uploads/2020/04/Sans-titre-2.jpg]
[digitalplant-my.com/media/mobile/uploads/2020/04/Sans-titre-2.jpg]
[digitalplant-my.com/en/projects/index.html]
[digitalplant-my.com/media/desktop/uploads/2020/04/Malaysia.jpg]
[digitalplant-my.com/media/mobile-md/uploads/2020/04/Malaysia.jpg]
[digitalplant-my.com/media/mobile-sm/uploads/2020/04/Malaysia.jpg]
[digitalplant-my.com/media/mobile/uploads/2020/04/Malaysia.jpg]
[digitalplant-my.com/media/desktop/uploads/2020/04/France.jpg]
[digitalplant-my.com/media/mobile-md/uploads/2020/04/France.jpg]
[digitalplant-my.com/media/mobile-sm/uploads/2020/04/France.jpg]
[digitalplant-my.com/media/mobile/uploads/2020/04/France.jpg]
[digitalplant-my.com/en/contact/index.html]
[digitalplant-my.com/media/desktop/uploads/2020/05/Group-DigitalPlant-7.jpg]
[digitalplant-my.com/media/mobile-md/uploads/2020/05/Group-DigitalPlant-7.jpg]
[digitalplant-my.com/media/mobile-sm/uploads/2020/05/Group-DigitalPlant-7.jpg]
[digitalplant-my.com/media/mobile/uploads/2020/05/Group-DigitalPlant-7.jpg]
[digitalplant-my.com/media/desktop/uploads/2020/05/Sebastien_Di_Ruocco.jpg]
[digitalplant-my.com/media/mobile-md/uploads/2020/05/Sebastien_Di_Ruocco.jpg]
[digitalplant-my.com/media/mobile-sm/uploads/2020/05/Sebastien_Di_Ruocco.jpg]
[digitalplant-my.com/media/mobile/uploads/2020/05/Sebastien_Di_Ruocco.jpg]
[digitalplant-my.com/media/desktop/uploads/2020/05/Human_first.jpg]
[digitalplant-my.com/media/mobile-md/uploads/2020/05/Human_first.jpg]
[digitalplant-my.com/media/mobile-sm/uploads/2020/05/Human_first.jpg]
[digitalplant-my.com/media/mobile/uploads/2020/05/Human_first.jpg]
[digitalplant-my.com/media/desktop/uploads/2020/05/Out_of_the_box.jpg]
[digitalplant-my.com/media/mobile-md/uploads/2020/05/Out_of_the_box.jpg]
[digitalplant-my.com/media/mobile-sm/uploads/2020/05/Out_of_the_box.jpg]
[digitalplant-my.com/media/mobile/uploads/2020/05/Out_of_the_box.jpg]
[digitalplant-my.com/media/desktop/uploads/2020/05/International.jpg]
[digitalplant-my.com/media/mobile-md/uploads/2020/05/International.jpg]
[digitalplant-my.com/media/mobile-sm/uploads/2020/05/International.jpg]
[digitalplant-my.com/media/mobile/uploads/2020/05/International.jpg]
[digitalplant-my.com/media/desktop/uploads/2020/05/ladislas-1-1.png]
[digitalplant-my.com/media/mobile-md/uploads/2020/05/ladislas-1-1.png]
[digitalplant-my.com/media/mobile-sm/uploads/2020/05/ladislas-1-1.png]
[digitalplant-my.com/media/mobile/uploads/2020/05/ladislas-1-1.png]
[digitalplant-my.com/media/desktop/uploads/2020/05/ladislas-2.png]
[digitalplant-my.com/media/mobile-md/uploads/2020/05/ladislas-2.png]
[digitalplant-my.com/media/mobile-sm/uploads/2020/05/ladislas-2.png]
[digitalplant-my.com/media/mobile/uploads/2020/05/ladislas-2.png]
[digitalplant-my.com/media/desktop/uploads/2020/05/nufikha.png]
[digitalplant-my.com/media/mobile-md/uploads/2020/05/nufikha.png]
[digitalplant-my.com/media/mobile-sm/uploads/2020/05/nufikha.png]
[digitalplant-my.com/media/mobile/uploads/2020/05/nufikha.png]
[digitalplant-my.com/media/desktop/uploads/2020/05/nufikha-2.png]
[digitalplant-my.com/media/mobile-md/uploads/2020/05/nufikha-2.png]
[digitalplant-my.com/media/mobile-sm/uploads/2020/05/nufikha-2.png]
[digitalplant-my.com/media/mobile/uploads/2020/05/nufikha-2.png]
[digitalplant-my.com/media/desktop/uploads/2020/05/karen-1.png]
[digitalplant-my.com/media/mobile-md/uploads/2020/05/karen-1.png]
[digitalplant-my.com/media/mobile-sm/uploads/2020/05/karen-1.png]
[digitalplant-my.com/media/mobile/uploads/2020/05/karen-1.png]
[digitalplant-my.com/media/desktop/uploads/2020/05/karen-2.png]
[digitalplant-my.com/media/mobile-md/uploads/2020/05/karen-2.png]
[digitalplant-my.com/media/mobile-sm/uploads/2020/05/karen-2.png]
[digitalplant-my.com/media/mobile/uploads/2020/05/karen-2.png]
[digitalplant-my.com/media/desktop/uploads/2020/05/mirella.png]
[digitalplant-my.com/media/mobile-md/uploads/2020/05/mirella.png]
[digitalplant-my.com/media/mobile-sm/uploads/2020/05/mirella.png]
[digitalplant-my.com/media/mobile/uploads/2020/05/mirella.png]
[digitalplant-my.com/media/desktop/uploads/2020/05/mirella-2.png]
[digitalplant-my.com/media/mobile-md/uploads/2020/05/mirella-2.png]
[digitalplant-my.com/media/mobile-sm/uploads/2020/05/mirella-2.png]
[digitalplant-my.com/media/mobile/uploads/2020/05/mirella-2.png]
[digitalplant-my.com/media/desktop/uploads/2020/05/revathy-1.png]
[digitalplant-my.com/media/mobile-md/uploads/2020/05/revathy-1.png]
[digitalplant-my.com/media/mobile-sm/uploads/2020/05/revathy-1.png]
[digitalplant-my.com/media/mobile/uploads/2020/05/revathy-1.png]
[digitalplant-my.com/media/desktop/uploads/2020/05/revathy-2.png]
[digitalplant-my.com/media/mobile-md/uploads/2020/05/revathy-2.png]
[digitalplant-my.com/media/mobile-sm/uploads/2020/05/revathy-2.png]
[digitalplant-my.com/media/mobile/uploads/2020/05/revathy-2.png]
[digitalplant-my.com/media/desktop/uploads/2020/05/cher-minn.png]
[digitalplant-my.com/media/mobile-md/uploads/2020/05/cher-minn.png]
[digitalplant-my.com/media/mobile-sm/uploads/2020/05/cher-minn.png]
[digitalplant-my.com/media/mobile/uploads/2020/05/cher-minn.png]
[digitalplant-my.com/media/desktop/uploads/2020/05/cher-minn-2.png]
[digitalplant-my.com/media/mobile-md/uploads/2020/05/cher-minn-2.png]
[digitalplant-my.com/media/mobile-sm/uploads/2020/05/cher-minn-2.png]
[digitalplant-my.com/media/mobile/uploads/2020/05/cher-minn-2.png]
[digitalplant-my.com/media/desktop/uploads/2020/05/adam-1.png]
[digitalplant-my.com/media/mobile-md/uploads/2020/05/adam-1.png]
[digitalplant-my.com/media/mobile-sm/uploads/2020/05/adam-1.png]
[digitalplant-my.com/media/mobile/uploads/2020/05/adam-1.png]
[digitalplant-my.com/media/desktop/uploads/2020/05/adam-2.png]
[digitalplant-my.com/media/mobile-md/uploads/2020/05/adam-2.png]
[digitalplant-my.com/media/mobile-sm/uploads/2020/05/adam-2.png]
[digitalplant-my.com/media/mobile/uploads/2020/05/adam-2.png]
[digitalplant-my.com/media/desktop/uploads/2020/05/ali.png]
[digitalplant-my.com/media/mobile-md/uploads/2020/05/ali.png]
[digitalplant-my.com/media/mobile-sm/uploads/2020/05/ali.png]
[digitalplant-my.com/media/mobile/uploads/2020/05/ali.png]
[digitalplant-my.com/media/desktop/uploads/2020/05/ali-2.png]
[digitalplant-my.com/media/mobile-md/uploads/2020/05/ali-2.png]
[digitalplant-my.com/media/mobile-sm/uploads/2020/05/ali-2.png]
[digitalplant-my.com/media/mobile/uploads/2020/05/ali-2.png]
[digitalplant-my.com/media/desktop/uploads/2020/05/adib.png]
[digitalplant-my.com/media/mobile-md/uploads/2020/05/adib.png]
[digitalplant-my.com/media/mobile-sm/uploads/2020/05/adib.png]
[digitalplant-my.com/media/mobile/uploads/2020/05/adib.png]
[digitalplant-my.com/media/desktop/uploads/2020/05/adib-2.png]
[digitalplant-my.com/media/mobile-md/uploads/2020/05/adib-2.png]
[digitalplant-my.com/media/mobile-sm/uploads/2020/05/adib-2.png]
[digitalplant-my.com/media/mobile/uploads/2020/05/adib-2.png]
[digitalplant-my.com/media/desktop/uploads/2020/05/faisal-1-1.png]
[digitalplant-my.com/media/mobile-md/uploads/2020/05/faisal-1-1.png]
[digitalplant-my.com/media/mobile-sm/uploads/2020/05/faisal-1-1.png]
[digitalplant-my.com/media/mobile/uploads/2020/05/faisal-1-1.png]
[digitalplant-my.com/media/desktop/uploads/2020/05/faisal-2.png]
[digitalplant-my.com/media/mobile-md/uploads/2020/05/faisal-2.png]
[digitalplant-my.com/media/mobile-sm/uploads/2020/05/faisal-2.png]
[digitalplant-my.com/media/mobile/uploads/2020/05/faisal-2.png]
[digitalplant-my.com/media/desktop/uploads/2020/05/parveen-1.png]
[digitalplant-my.com/media/mobile-md/uploads/2020/05/parveen-1.png]
[digitalplant-my.com/media/mobile-sm/uploads/2020/05/parveen-1.png]
[digitalplant-my.com/media/mobile/uploads/2020/05/parveen-1.png]
[digitalplant-my.com/media/desktop/uploads/2020/05/parveen-2.png]
[digitalplant-my.com/media/mobile-md/uploads/2020/05/parveen-2.png]
[digitalplant-my.com/media/mobile-sm/uploads/2020/05/parveen-2.png]
[digitalplant-my.com/media/mobile/uploads/2020/05/parveen-2.png]
[digitalplant-my.com/media/desktop/uploads/2020/05/yishuen.png]
[digitalplant-my.com/media/mobile-md/uploads/2020/05/yishuen.png]
[digitalplant-my.com/media/mobile-sm/uploads/2020/05/yishuen.png]
[digitalplant-my.com/media/mobile/uploads/2020/05/yishuen.png]
[digitalplant-my.com/media/desktop/uploads/2020/05/yishuen-2.png]
[digitalplant-my.com/media/mobile-md/uploads/2020/05/yishuen-2.png]
[digitalplant-my.com/media/mobile-sm/uploads/2020/05/yishuen-2.png]
[digitalplant-my.com/media/mobile/uploads/2020/05/yishuen-2.png]
[digitalplant-my.com/media/desktop/uploads/2020/05/naqy-1-1.png]
[digitalplant-my.com/media/mobile-md/uploads/2020/05/naqy-1-1.png]
[digitalplant-my.com/media/mobile-sm/uploads/2020/05/naqy-1-1.png]
[digitalplant-my.com/media/mobile/uploads/2020/05/naqy-1-1.png]
[digitalplant-my.com/media/desktop/uploads/2020/05/naqy-2.png]
[digitalplant-my.com/media/mobile-md/uploads/2020/05/naqy-2.png]
[digitalplant-my.com/media/mobile-sm/uploads/2020/05/naqy-2.png]
[digitalplant-my.com/media/mobile/uploads/2020/05/naqy-2.png]
[digitalplant-my.com/media/desktop/uploads/2020/05/few-kim-yew.png]
[digitalplant-my.com/media/mobile-md/uploads/2020/05/few-kim-yew.png]
[digitalplant-my.com/media/mobile-sm/uploads/2020/05/few-kim-yew.png]
[digitalplant-my.com/media/mobile/uploads/2020/05/few-kim-yew.png]
[digitalplant-my.com/media/desktop/uploads/2020/05/few-kim-yew-2.png]
[digitalplant-my.com/media/mobile-md/uploads/2020/05/few-kim-yew-2.png]
[digitalplant-my.com/media/mobile-sm/uploads/2020/05/few-kim-yew-2.png]
[digitalplant-my.com/media/mobile/uploads/2020/05/few-kim-yew-2.png]
[digitalplant-my.com/media/desktop/uploads/2020/05/Sabrina.png]
[digitalplant-my.com/media/mobile-md/uploads/2020/05/Sabrina.png]
[digitalplant-my.com/media/mobile-sm/uploads/2020/05/Sabrina.png]
[digitalplant-my.com/media/mobile/uploads/2020/05/Sabrina.png]
[digitalplant-my.com/media/desktop/uploads/2020/05/Sabrina-2.png]
[digitalplant-my.com/media/mobile-md/uploads/2020/05/Sabrina-2.png]
[digitalplant-my.com/media/mobile-sm/uploads/2020/05/Sabrina-2.png]
[digitalplant-my.com/media/mobile/uploads/2020/05/Sabrina-2.png]
[digitalplant-my.com/media/desktop/uploads/2020/05/azyan-1-1.png]
[digitalplant-my.com/media/mobile-md/uploads/2020/05/azyan-1-1.png]
[digitalplant-my.com/media/mobile-sm/uploads/2020/05/azyan-1-1.png]
[digitalplant-my.com/media/mobile/uploads/2020/05/azyan-1-1.png]
[digitalplant-my.com/media/desktop/uploads/2020/05/azyan-2.png]
[digitalplant-my.com/media/mobile-md/uploads/2020/05/azyan-2.png]
[digitalplant-my.com/media/mobile-sm/uploads/2020/05/azyan-2.png]
[digitalplant-my.com/media/mobile/uploads/2020/05/azyan-2.png]
[digitalplant-my.com/media/desktop/uploads/2020/05/ann-1.png]
[digitalplant-my.com/media/mobile-md/uploads/2020/05/ann-1.png]
[digitalplant-my.com/media/mobile-sm/uploads/2020/05/ann-1.png]
[digitalplant-my.com/media/mobile/uploads/2020/05/ann-1.png]
[digitalplant-my.com/media/desktop/uploads/2020/06/Ann-Fun-picture.png]
[digitalplant-my.com/media/mobile-md/uploads/2020/06/Ann-Fun-picture.png]
[digitalplant-my.com/media/mobile-sm/uploads/2020/06/Ann-Fun-picture.png]
[digitalplant-my.com/media/mobile/uploads/2020/06/Ann-Fun-picture.png]
[digitalplant-my.com/media/desktop/uploads/2020/05/ellina-1.png]
[digitalplant-my.com/media/mobile-md/uploads/2020/05/ellina-1.png]
[digitalplant-my.com/media/mobile-sm/uploads/2020/05/ellina-1.png]
[digitalplant-my.com/media/mobile/uploads/2020/05/ellina-1.png]
[digitalplant-my.com/media/desktop/uploads/2020/05/ellina-2.png]
[digitalplant-my.com/media/mobile-md/uploads/2020/05/ellina-2.png]
[digitalplant-my.com/media/mobile-sm/uploads/2020/05/ellina-2.png]
[digitalplant-my.com/media/mobile/uploads/2020/05/ellina-2.png]
[digitalplant-my.com/media/desktop/uploads/2020/05/nureen-1-1.png]
[digitalplant-my.com/media/mobile-md/uploads/2020/05/nureen-1-1.png]
[digitalplant-my.com/media/mobile-sm/uploads/2020/05/nureen-1-1.png]
[digitalplant-my.com/media/mobile/uploads/2020/05/nureen-1-1.png]
[digitalplant-my.com/media/desktop/uploads/2020/05/nureen-2.png]
[digitalplant-my.com/media/mobile-md/uploads/2020/05/nureen-2.png]
[digitalplant-my.com/media/mobile-sm/uploads/2020/05/nureen-2.png]
[digitalplant-my.com/media/mobile/uploads/2020/05/nureen-2.png]
[digitalplant-my.com/media/desktop/uploads/2020/05/Carmen.png]
[digitalplant-my.com/media/mobile-md/uploads/2020/05/Carmen.png]
[digitalplant-my.com/media/mobile-sm/uploads/2020/05/Carmen.png]
[digitalplant-my.com/media/mobile/uploads/2020/05/Carmen.png]
[digitalplant-my.com/media/desktop/uploads/2020/05/Carmen-2.png]
[digitalplant-my.com/media/mobile-md/uploads/2020/05/Carmen-2.png]
[digitalplant-my.com/media/mobile-sm/uploads/2020/05/Carmen-2.png]
[digitalplant-my.com/media/mobile/uploads/2020/05/Carmen-2.png]
[digitalplant-my.com/media/desktop/uploads/2020/05/Shamini-1.png]
[digitalplant-my.com/media/mobile-md/uploads/2020/05/Shamini-1.png]
[digitalplant-my.com/media/mobile-sm/uploads/2020/05/Shamini-1.png]
[digitalplant-my.com/media/mobile/uploads/2020/05/Shamini-1.png]
[digitalplant-my.com/media/desktop/uploads/2020/05/Shamini-2.png]
[digitalplant-my.com/media/mobile-md/uploads/2020/05/Shamini-2.png]
[digitalplant-my.com/media/mobile-sm/uploads/2020/05/Shamini-2.png]
[digitalplant-my.com/media/mobile/uploads/2020/05/Shamini-2.png]
[digitalplant-my.com/media/desktop/uploads/2020/06/Ludfi-Serious.png]
[digitalplant-my.com/media/mobile-md/uploads/2020/06/Ludfi-Serious.png]
[digitalplant-my.com/media/mobile-sm/uploads/2020/06/Ludfi-Serious.png]
[digitalplant-my.com/media/mobile/uploads/2020/06/Ludfi-Serious.png]
[digitalplant-my.com/media/desktop/uploads/2020/06/Ludfi-Fun.png]
[digitalplant-my.com/media/mobile-md/uploads/2020/06/Ludfi-Fun.png]
[digitalplant-my.com/media/mobile-sm/uploads/2020/06/Ludfi-Fun.png]
[digitalplant-my.com/media/mobile/uploads/2020/06/Ludfi-Fun.png]
[digitalplant-my.com/en/who-we-are/index.html]
[digitalplant-my.com/en/careers/index.html]
[digitalplant-my.com/en/career/business-developer/index.html]
[digitalplant-my.com/en/career/web-publishing-expert/index.html]
[digitalplant-my.com/media/desktop/uploads/2020/01/digital-marketing-consultant-article-1024x577-1.jpg]
[digitalplant-my.com/en/blog/category/general/index.html]
[digitalplant-my.com/en/blog/category/content-design/index.html]
[digitalplant-my.com/en/blog/category/digital-campaigns/index.html]
[digitalplant-my.com/en/blog/author/nufikha-hamidon/index.html]
[digitalplant-my.com/media/mobile-md/uploads/2020/01/digital-marketing-consultant-article-1024x577-1.148.delayed]
[digitalplant-my.com/en/blog/category/data-management/index.html]
[digitalplant-my.com/en/blog/author/karen-kum/index.html]
[digitalplant-my.com/en/blog/author/mirella-remtoula/index.html]
[digitalplant-my.com/en/blog/author/digitalplant/index.html]
[digitalplant-my.com/media/mobile-sm/uploads/2020/01/digital-marketing-consultant-article-1024x577-1.jpg]
[digitalplant-my.com/en/blog/why-calling-upon-digital-marketing-consultants-may-be-what-your-business-needs/index.html]
[digitalplant-my.com/media/mobile/uploads/2020/01/digital-marketing-consultant-article-1024x577-1.jpg]
[digitalplant-my.com/en/blog/index.html]
[digitalplant-my.com/en/legal-mentions/index.html]
[digitalplant-my.com/en/index198a.html]
[digitalplant-my.com/media/desktop/uploads/2020/01/tractor-marketing-practice-233x300-1.jpg]
[digitalplant-my.com/en/blog/the-new-marketing-practices/feed/index.html]
[digitalplant-my.com/media/mobile-md/uploads/2020/01/tractor-marketing-practice-233x300-1.jpg]
[digitalplant-my.com/media/mobile-sm/uploads/2020/01/tractor-marketing-practice-233x300-1.jpg]
[digitalplant-my.com/media/mobile/uploads/2020/01/tractor-marketing-practice-233x300-1.jpg]
[digitalplant-my.com/media/desktop/uploads/2020/01/new-marketing-practice-image2-300x169-1.jpg]
[digitalplant-my.com/media/mobile-md/uploads/2020/01/new-marketing-practice-image2-300x169-1.jpg]
[digitalplant-my.com/media/mobile-sm/uploads/2020/01/new-marketing-practice-image2-300x169-1.jpg]
[digitalplant-my.com/media/mobile/uploads/2020/01/new-marketing-practice-image2-300x169-1.jpg]
[digitalplant-my.com/wp-content/uploads/2020/06/dp-avatar-150x150.png]
[digitalplant-my.com/wp-content/cache/autoptimize/js/autoptimize_0db75f5e812c9e8382897ba4f8448802.js]
[digitalplant-my.com/en/blog/the-new-marketing-practices/index.html]
[digitalplant-my.com/en/indexe6f0.html]
[digitalplant-my.com/en/blog/how-data-management-can-support-your-business/feed/index.html]
[digitalplant-my.com/wp-content/uploads/2020/05/mirella-150x150.png]
[digitalplant-my.com/en/blog/how-data-management-can-support-your-business/index.html]
[digitalplant-my.com/en/blog/small-is-big-when-size-does-not-matter/feed/index.html]
[digitalplant-my.com/media/desktop/uploads/2020/05/small-is-big-article.jpg]
[digitalplant-my.com/media/mobile-md/uploads/2020/05/small-is-big-article.jpg]
[digitalplant-my.com/media/mobile-sm/uploads/2020/05/small-is-big-article.jpg]
[digitalplant-my.com/media/mobile/uploads/2020/05/small-is-big-article.jpg]
[digitalplant-my.com/en/blog/small-is-big-when-size-does-not-matter/index.html]
[digitalplant-my.com/en/indexff23.html]
[digitalplant-my.com/en/blog/how-to-optimize-your-social-media-engagement/feed/index.html]
[digitalplant-my.com/media/desktop/uploads/2020/04/number-of-users-social-media-platforms.jpg]
[digitalplant-my.com/media/mobile-md/uploads/2020/04/number-of-users-social-media-platforms.jpg]
[digitalplant-my.com/media/mobile-sm/uploads/2020/04/number-of-users-social-media-platforms.jpg]
[digitalplant-my.com/media/mobile/uploads/2020/04/number-of-users-social-media-platforms.jpg]
[digitalplant-my.com/wp-content/uploads/2020/05/nufikha-150x150.png]
[digitalplant-my.com/en/blog/how-to-optimize-your-social-media-engagement/index.html]
[digitalplant-my.com/en/blog/email-marketing-why-should-it-be-the-pillar-of-your-digital-strategy/feed/index.html]
[digitalplant-my.com/wp-content/uploads/2020/05/karen-1-150x150.png]
[digitalplant-my.com/en/blog/email-marketing-why-should-it-be-the-pillar-of-your-digital-strategy/index.html]
[digitalplant-my.com/en/blog/marketing-automation-a-silent-revolution/index.html]
[digitalplant-my.com/en/index2586.html]
[digitalplant-my.com/en/blog/marketing-automation-a-silent-revolution/feed/index.html]
[digitalplant-my.com/media/desktop/uploads/2020/04/picto12.png]
[digitalplant-my.com/media/mobile-md/uploads/2020/04/picto12.png]
[digitalplant-my.com/media/mobile-sm/uploads/2020/04/picto12.png]
[digitalplant-my.com/media/mobile/uploads/2020/04/picto12.png]
[digitalplant-my.com/media/desktop/uploads/2020/04/picto13.png]
[digitalplant-my.com/media/mobile-md/uploads/2020/04/picto13.png]
[digitalplant-my.com/media/mobile-sm/uploads/2020/04/picto13.png]
[digitalplant-my.com/media/mobile/uploads/2020/04/picto13.png]
[digitalplant-my.com/media/desktop/uploads/2020/04/picto11.png]
[digitalplant-my.com/media/mobile-md/uploads/2020/04/picto11.png]
[digitalplant-my.com/media/mobile-sm/uploads/2020/04/picto11.png]
[digitalplant-my.com/media/mobile/uploads/2020/04/picto11.png]
[digitalplant-my.com/media/desktop/uploads/2020/04/picto14.png]
[digitalplant-my.com/media/mobile-md/uploads/2020/04/picto14.png]
[digitalplant-my.com/media/mobile-sm/uploads/2020/04/picto14.png]
[digitalplant-my.com/media/mobile/uploads/2020/04/picto14.png]
[digitalplant-my.com/media/desktop/uploads/2020/04/picto3.png]
[digitalplant-my.com/media/mobile-md/uploads/2020/04/picto3.png]
[digitalplant-my.com/media/mobile-sm/uploads/2020/04/picto3.png]
[digitalplant-my.com/media/mobile/uploads/2020/04/picto3.png]
[digitalplant-my.com/media/desktop/uploads/2020/04/picto1.png]
[digitalplant-my.com/media/mobile-md/uploads/2020/04/picto1.png]
[digitalplant-my.com/media/mobile-sm/uploads/2020/04/picto1.png]
[digitalplant-my.com/media/mobile/uploads/2020/04/picto1.png]
[digitalplant-my.com/media/desktop/uploads/2020/04/picto8.png]
[digitalplant-my.com/media/mobile-md/uploads/2020/04/picto8.png]
[digitalplant-my.com/media/mobile-sm/uploads/2020/04/picto8.png]
[digitalplant-my.com/media/mobile/uploads/2020/04/picto8.png]
[digitalplant-my.com/media/desktop/uploads/2020/04/picto9.png]
[digitalplant-my.com/media/mobile-md/uploads/2020/04/picto9.png]
[digitalplant-my.com/media/mobile-sm/uploads/2020/04/picto9.png]
[digitalplant-my.com/media/mobile/uploads/2020/04/picto9.png]
[digitalplant-my.com/media/desktop/uploads/2020/04/Phase_01.jpg]
[digitalplant-my.com/media/mobile-md/uploads/2020/04/Phase_01.jpg]
[digitalplant-my.com/media/mobile-sm/uploads/2020/04/Phase_01.jpg]
[digitalplant-my.com/media/mobile/uploads/2020/04/Phase_01.jpg]
[digitalplant-my.com/media/desktop/uploads/2020/04/Phase_02.jpg]
[digitalplant-my.com/media/mobile-md/uploads/2020/04/Phase_02.jpg]
[digitalplant-my.com/media/mobile-sm/uploads/2020/04/Phase_02.jpg]
[digitalplant-my.com/media/mobile/uploads/2020/04/Phase_02.jpg]
[digitalplant-my.com/media/desktop/uploads/2020/04/Phase_03.jpg]
[digitalplant-my.com/media/mobile-md/uploads/2020/04/Phase_03.jpg]
[digitalplant-my.com/media/mobile-sm/uploads/2020/04/Phase_03.jpg]
[digitalplant-my.com/media/mobile/uploads/2020/04/Phase_03.jpg]
[digitalplant-my.com/en/project/emailing-campaigns/index.html]
[digitalplant-my.com/en/project/google-adwords-campaigns/index.html]
[digitalplant-my.com/en/project/project-management/index.html]
[digitalplant-my.com/media/desktop/uploads/2020/04/picto5.png]
[digitalplant-my.com/media/mobile-md/uploads/2020/04/picto5.png]
[digitalplant-my.com/media/mobile-sm/uploads/2020/04/picto5.png]
[digitalplant-my.com/media/mobile/uploads/2020/04/picto5.png]
[digitalplant-my.com/media/desktop/uploads/2020/04/picto7.png]
[digitalplant-my.com/media/mobile-md/uploads/2020/04/picto7.png]
[digitalplant-my.com/media/mobile-sm/uploads/2020/04/picto7.png]
[digitalplant-my.com/media/mobile/uploads/2020/04/picto7.png]
[digitalplant-my.com/media/desktop/uploads/2020/04/picto4.png]
[digitalplant-my.com/media/mobile-md/uploads/2020/04/picto4.png]
[digitalplant-my.com/media/mobile-sm/uploads/2020/04/picto4.png]
[digitalplant-my.com/media/mobile/uploads/2020/04/picto4.png]
[digitalplant-my.com/media/desktop/uploads/2020/04/picto10.png]
[digitalplant-my.com/media/mobile-md/uploads/2020/04/picto10.png]
[digitalplant-my.com/media/mobile-sm/uploads/2020/04/picto10.png]
[digitalplant-my.com/media/mobile/uploads/2020/04/picto10.png]
[digitalplant-my.com/media/desktop/uploads/2020/04/picto6.png]
[digitalplant-my.com/media/mobile-md/uploads/2020/04/picto6.png]
[digitalplant-my.com/media/mobile-sm/uploads/2020/04/picto6.png]
[digitalplant-my.com/media/mobile/uploads/2020/04/picto6.png]
[digitalplant-my.com/media/desktop/uploads/2020/04/picto2.png]
[digitalplant-my.com/media/mobile-md/uploads/2020/04/picto2.png]
[digitalplant-my.com/media/mobile-sm/uploads/2020/04/picto2.png]
[digitalplant-my.com/media/mobile/uploads/2020/04/picto2.png]
[digitalplant-my.com/en/project/web-publishing/index.html]
[digitalplant-my.com/en/indexf4d1.html]
[digitalplant-my.com/en/index0325.html]
[digitalplant-my.com/en/index9d87.html]
[digitalplant-my.com/en/career/business-developer/index.html]
[digitalplant-my.com/en/career/web-publishing-expert/index.html]
[digitalplant-my.com/en/indexc9fb.html]
[digitalplant-my.com/en/blog/category/general/index.html]
[digitalplant-my.com/en/blog/category/general/feed/index.html]
[digitalplant-my.com/en/blog/category/content-design/index.html]
[digitalplant-my.com/en/blog/category/digital-campaigns/index.html]
[digitalplant-my.com/en/blog/category/content-design/feed/index.html]
[digitalplant-my.com/en/blog/category/data-management/index.html]
[digitalplant-my.com/en/blog/category/digital-campaigns/feed/index.html]
[digitalplant-my.com/en/blog/author/nufikha-hamidon/index.html]
[digitalplant-my.com/en/blog/category/data-management/feed/index.html]
[digitalplant-my.com/en/blog/author/nufikha-hamidon/feed/index.html]
[digitalplant-my.com/en/blog/author/karen-kum/index.html]
[digitalplant-my.com/en/blog/author/mirella-remtoula/index.html]
[digitalplant-my.com/en/blog/author/karen-kum/feed/index.html]
[digitalplant-my.com/en/blog/author/mirella-remtoula/feed/index.html]
[digitalplant-my.com/en/blog/author/digitalplant/index.html]
[digitalplant-my.com/en/blog/author/digitalplant/feed/index.html]
[digitalplant-my.com/en/blog/why-calling-upon-digital-marketing-consultants-may-be-what-your-business-needs/feed/index.html]
[digitalplant-my.com/media/desktop/uploads/2020/01/Why-use-digital-consultants-Global-businesses.jpg]
[digitalplant-my.com/media/mobile-md/uploads/2020/01/Why-use-digital-consultants-Global-businesses.jpg]
[digitalplant-my.com/media/mobile-sm/uploads/2020/01/Why-use-digital-consultants-Global-businesses.jpg]
[digitalplant-my.com/media/mobile/uploads/2020/01/Why-use-digital-consultants-Global-businesses.jpg]
[digitalplant-my.com/media/desktop/uploads/2020/01/Why-use-digital-consultants-SME.jpg]
[digitalplant-my.com/media/mobile-md/uploads/2020/01/Why-use-digital-consultants-SME.jpg]
[digitalplant-my.com/media/mobile-sm/uploads/2020/01/Why-use-digital-consultants-SME.jpg]
[digitalplant-my.com/media/mobile/uploads/2020/01/Why-use-digital-consultants-SME.jpg]
[digitalplant-my.com/en/blog/why-calling-upon-digital-marketing-consultants-may-be-what-your-business-needs/index.html]
[digitalplant-my.com/en/index14c7.html]
[digitalplant-my.com/en/index08c1.html]
[digitalplant-my.com/en/indexca7f.html]
[digitalplant-my.com/en/indexce2e.html]
[digitalplant-my.com/en/index4f61.html]
[digitalplant-my.com/en/indexa351.html]
[digitalplant-my.com/en/index4db6.html]
[digitalplant-my.com/en/index71fc.html]
[digitalplant-my.com/en/index5e02.html]
[digitalplant-my.com/en/index8fbb.html]
[digitalplant-my.com/en/indexf454.html]
[digitalplant-my.com/en/index7cb7.html]
[digitalplant-my.com/en/index01a2.html]
[digitalplant-my.com/en/index5a14.html]
